// Jest Snapshot v1, https://goo.gl/fbAQLP

exports[`Footer Snapshot renders 1`] = `
<footer
  className="footer"
>
  <div
    className="wrap"
  >
    <a
      className="logo"
      href="#"
    >
      netflixroulette
    </a>
  </div>
</footer>
`;
