// Jest Snapshot v1, https://goo.gl/fbAQLP

exports[`Logo Snapshot renders 1`] = `
<a
  className="logo"
  href="#"
>
  netflixroulette
</a>
`;
